python : C:\Users\Usuario\AppData\Local\Programs\
Python\Python314\Lib\site-packages\langchain_core
\_api\deprecation.py:25: UserWarning: Core 
Pydantic V1 functionality isn't compatible with 
Python 3.14 or greater.
En línea: 1 Carácter: 104
+ ... o_not_use"; python tmp/test_llm_factory.py 
> tmp/test_output.txt 2>&1 ...
+                 ~~~~~~~~~~~~~~~~~~~~~~~~~~~~~~~
~~~~~~~~~~~~~~~~~~~~~~~~~~
    + CategoryInfo          : NotSpecified: (C:\ 
   Users\Usuari....14 or greater.:String) [], R  
  emoteException
    + FullyQualifiedErrorId : NativeCommandError
 
  from pydantic.v1.fields import FieldInfo as 
FieldInfoV1
Fallo al inicializar ChatOpenAI en modo caro: 
The api_key client option must be set either by 
passing api_key to the client or by setting the 
OPENAI_API_KEY environment variable
Iniciando pruebas de humo...

--- PROBANDO MODO: true ---
Error en modo CARO: The api_key client option must be set either by passing api_key to the client or by setting the OPENAI_API_KEY environment variable

--- PROBANDO MODO: false ---
Instancia generada: ChatGoogleGenerativeAI
Error en modo ECONOMICO: Error calling model 'gemini-2.5-flash-lite' (INVALID_ARGUMENT): 400 INVALID_ARGUMENT. {'error': {'code': 400, 'message': 'API key not valid. Please pass a valid API key.', 'status': 'INVALID_ARGUMENT', 'details': [{'@type': 'type.googleapis.com/google.rpc.ErrorInfo', 'reason': 'API_KEY_INVALID', 'domain': 'googleapis.com', 'metadata': {'service': 'generativelanguage.googleapis.com'}}, {'@type': 'type.googleapis.com/google.rpc.LocalizedMessage', 'locale': 'en-US', 'message': 'API key not valid. Please pass a valid API key.'}]}}
